*** Using Compiler 'V5.06 update 7 (build 960)', folder: 'D:\Keil_v5\ARM\Arm_Compiler_5.06\Bin'
Build target 'Target 1'
assembling startup_stm32f40_41xxx.s...
compiling system_stm32f4xx.c...
compiling Delay.c...
compiling misc.c...
compiling TIM.c...
compiling CAN.c...
compiling UART.c...
compiling stm32f4xx_adc.c...
compiling stm32f4xx_can.c...
compiling stm32f4xx_crc.c...
compiling stm32f4xx_cec.c...
compiling stm32f4xx_cryp_des.c...
compiling stm32f4xx_cryp.c...
compiling stm32f4xx_cryp_tdes.c...
compiling stm32f4xx_dbgmcu.c...
compiling stm32f4xx_dac.c...
compiling stm32f4xx_cryp_aes.c...
compiling stm32f4xx_dfsdm.c...
compiling stm32f4xx_dma.c...
compiling stm32f4xx_dcmi.c...
compiling stm32f4xx_exti.c...
compiling stm32f4xx_dsi.c...
compiling stm32f4xx_flash_ramfunc.c...
compiling stm32f4xx_dma2d.c...
compiling stm32f4xx_flash.c...
compiling stm32f4xx_fmpi2c.c...
compiling stm32f4xx_fsmc.c...
compiling stm32f4xx_gpio.c...
compiling stm32f4xx_hash_sha1.c...
compiling stm32f4xx_hash.c...
compiling stm32f4xx_i2c.c...
compiling stm32f4xx_iwdg.c...
compiling stm32f4xx_hash_md5.c...
compiling stm32f4xx_lptim.c...
compiling stm32f4xx_ltdc.c...
compiling stm32f4xx_pwr.c...
compiling stm32f4xx_qspi.c...
compiling stm32f4xx_rng.c...
compiling stm32f4xx_sai.c...
compiling stm32f4xx_rtc.c...
compiling stm32f4xx_rcc.c...
compiling stm32f4xx_sdio.c...
compiling stm32f4xx_spdifrx.c...
compiling stm32f4xx_syscfg.c...
compiling stm32f4xx_spi.c...
compiling stm32f4xx_usart.c...
compiling stm32f4xx_wwdg.c...
compiling stm32f4xx_tim.c...
compiling ins_task.c...
compiling kalman_filter.c...
compiling Buzzer.c...
compiling LED.c...
compiling Remote.c...
compiling QuaternionEKF.c...
compiling STP.c...
compiling GM6020.c...
compiling BMI088.c...
compiling MF9025.c...
compiling DM_J8009.c...
compiling LinkCheck.c...
compiling CToC.c...
compiling IMUTemperatureControl.c...
compiling Warming.c...
compiling CloseLoopControl.c...
compiling AttitudeAlgorithms.c...
compiling PID.c...
compiling Observer.c...
compiling Leg_Controller.c...
compiling LQR.c...
compiling RefereeSystem_CRCTable.c...
compiling RefereeSystem.c...
compiling Locomotion_Controller.c...
compiling MotionEstimation.c...
compiling ui_default_Change_0.c...
compiling ui_default_Group1_0.c...
compiling ui_default_Group2_0.c...
compiling ui_default_Group2_1.c...
compiling ui_default_Group2_2.c...
compiling ui_default_Group2_3.c...
compiling Ultra_CAP.c...
compiling ui_default_Group2_4.c...
compiling ui_interface.c...
compiling Chassis_Middleware.c...
compiling Chassis.c...
compiling ui_default_Update1_0.c...
compiling UI.c...
compiling UI_Middleware.c...
compiling Data.c...
compiling ui_default_Update_0.c...
compiling main.c...
compiling Lock.c...
compiling stm32f4xx_it.c...
linking...
Program Size: Code=60752 RO-data=3516 RW-data=1768 ZI-data=37224  
".\Objects\Project.axf" - 0 Error(s), 0 Warning(s).
Build Time Elapsed:  00:00:09
