*** Using Compiler 'V5.06 update 7 (build 960)', folder: 'D:\Keil_v5\ARM\Arm_Compiler_5.06\Bin'
Build target 'standard_tpye_c'
compiling CAN_receive.c...
..\application\CAN_receive.c(154): warning:  #1035-D: single-precision operand implicitly converted to double-precision
  		   if(yaw_motor[1].para.pos>=6.25&&yaw_motor[1].para.pos<=12.5)
..\application\CAN_receive.c(154): warning:  #1035-D: single-precision operand implicitly converted to double-precision
  		   if(yaw_motor[1].para.pos>=6.25&&yaw_motor[1].para.pos<=12.5)
..\application\CAN_receive.c(155): warning:  #1035-D: single-precision operand implicitly converted to double-precision
                 yaw_motor[1].para.pos-=6.25;
..\application\CAN_receive.c(157): warning:  #1035-D: single-precision operand implicitly converted to double-precision
                 yaw_motor[1].para.pos+=6.25;
..\application\CAN_receive.c(159): warning:  #1035-D: single-precision operand implicitly converted to double-precision
                 yaw_motor[1].para.pos+=12.5;                             
..\application\CAN_receive.c(162): warning:  #1035-D: single-precision operand implicitly converted to double-precision
                 motor_chassis[4].ecd=yaw_motor[1].para.pos*8192/6.25;
..\application\CAN_receive.c(71): warning:  #177-D: variable "yaw_can_send_data"  was declared but never referenced
  static uint8_t              yaw_can_send_data[8];
..\application\CAN_receive.c: 7 warnings, 0 errors
compiling chassis_power_control.c...
..\application\chassis_power_control.c(152): warning:  #177-D: variable "chassis_power"  was declared but never referenced
  	fp32 chassis_power = 0.0f;
..\application\chassis_power_control.c(153): warning:  #177-D: variable "chassis_power_buffer"  was declared but never referenced
  	fp32 chassis_power_buffer = 0.0f;
..\application\chassis_power_control.c: 2 warnings, 0 errors
compiling calibrate_task.c...
compiling freertos.c...
compiling gimbal_behaviour.c...
..\application\gimbal_behaviour.c(747): warning:  #177-D: variable "yaw_channel"  was declared but never referenced
      static int16_t yaw_channel = 0, pitch_channel = 0;
..\application\gimbal_behaviour.c(747): warning:  #177-D: variable "pitch_channel"  was declared but never referenced
      static int16_t yaw_channel = 0, pitch_channel = 0;
..\application\gimbal_behaviour.c(812): warning:  #177-D: variable "yaw_channel"  was declared but never referenced
      static int16_t yaw_channel = 0, pitch_channel = 0;
..\application\gimbal_behaviour.c(812): warning:  #177-D: variable "pitch_channel"  was declared but never referenced
      static int16_t yaw_channel = 0, pitch_channel = 0;
..\application\gimbal_behaviour.c(168): warning:  #177-D: function "gimbal_auto_angle_control"  was declared but never referenced
  static void gimbal_auto_angle_control(fp32 *yaw, fp32 *pitch, gimbal_control_t *gimbal_control_set,c_fbpara_t  *chassis_transmit);
..\application\gimbal_behaviour.c(650): warning:  #177-D: function "gimbal_init_control"  was declared but never referenced
  static void gimbal_init_control(fp32 *yaw, fp32 *pitch, gimbal_control_t *gimbal_control_set)
..\application\gimbal_behaviour.c(678): warning:  #177-D: function "gimbal_cali_control"  was declared but never referenced
  static void gimbal_cali_control(fp32 *yaw, fp32 *pitch, gimbal_control_t *gimbal_control_set)
..\application\gimbal_behaviour.c: 7 warnings, 0 errors
compiling main.c...
compiling chassis_task.c...
..\application\chassis_task.c(541): warning:  #1035-D: single-precision operand implicitly converted to double-precision
          fp32 new_angle = chassis_move_control->chassis_yaw_motor->relative_angle + k * new_wz; 
..\application\chassis_task.c(556): warning:  #177-D: variable "chassis_move_mode"  was declared but never referenced
  		const chassis_move_t *chassis_move_mode;
..\application\chassis_task.c(651): warning:  #1035-D: single-precision operand implicitly converted to double-precision
  	rad += PI/2.0;
..\application\chassis_task.c(606): warning:  #177-D: function "chassis_vector_to_mecanum_wheel_speed"  was declared but never referenced
  static void chassis_vector_to_mecanum_wheel_speed(const fp32 vx_set, const fp32 vy_set, const fp32 wz_set, fp32 wheel_speed[4])
..\application\chassis_task.c: 4 warnings, 0 errors
compiling chassis_behaviour.c...
compiling AutoGimbal.c...
AutoGimbal.c(51): warning:  #1035-D: single-precision operand implicitly converted to double-precision
          last_x = ctrl->x - yaw_motor->absolute_angle +0.02;
AutoGimbal.c(52): warning:  #1035-D: single-precision operand implicitly converted to double-precision
          last_y = ctrl->y - ((-pitch_motor->absolute_angle)-0.2759)*1.3492;
AutoGimbal.c(57): warning:  #1035-D: single-precision operand implicitly converted to double-precision
          ctrl->y = ctrl->y - ((-pitch_motor->absolute_angle)-0.2759)*1.3492;      //存在等比例换算关系
AutoGimbal.c(137): warning:  #1-D: last line of file ends without a newline
  	
AutoGimbal.c: 4 warnings, 0 errors
compiling ui.c...
compiling shoot.c...
..\application\shoot.c(89): warning:  #174-D: expression has no effect
      SHOOT_ON_KEYBOARD;
..\application\shoot.c: 1 warning, 0 errors
compiling gimbal_task.c...
..\application\gimbal_task.c(968): warning:  #177-D: variable "bias_angle"  was declared but never referenced
      static fp32 bias_angle;
..\application\gimbal_task.c(1059): warning:  #1035-D: single-precision operand implicitly converted to double-precision
  	if(gimbal_motor->absolute_angle_set>0.5)
..\application\gimbal_task.c(1069): warning:  #1035-D: single-precision operand implicitly converted to double-precision
      angle_error = gimbal_motor->absolute_angle_set - (-(gimbal_motor->absolute_angle)*1.09756+0.064);
..\application\gimbal_task.c(1181): warning:  #1035-D: single-precision operand implicitly converted to double-precision
  	if(gimbal_motor->absolute_angle_set>0.22)
..\application\gimbal_task.c(1191): warning:  #1035-D: single-precision operand implicitly converted to double-precision
      angle_error = gimbal_motor->absolute_angle_set - (-(gimbal_motor->absolute_angle)*1.09756+0.064);
..\application\gimbal_task.c(932): warning:  #177-D: function "gimbal_auto_angle_limit"  was declared but never referenced
  static void gimbal_auto_angle_limit(gimbal_motor_t *gimbal_motor, fp32 add)  //有限位
..\application\gimbal_task.c(213): warning:  #177-D: variable "pitch_can_set_current"  was declared but never referenced
  static int16_t  pitch_can_set_current = 0, shoot_can_set_current = 0;
..\application\gimbal_task.c(213): warning:  #177-D: variable "shoot_can_set_current"  was declared but never referenced
  static int16_t  pitch_can_set_current = 0, shoot_can_set_current = 0;
..\application\gimbal_task.c: 8 warnings, 0 errors
linking...
Program Size: Code=73920 RO-data=4580 RW-data=1112 ZI-data=56992  
FromELF: creating hex file...
"standard_tpye_c\standard_tpye_c.axf" - 0 Error(s), 33 Warning(s).
Build Time Elapsed:  00:00:13
