*** Using Compiler 'V5.06 update 7 (build 960)', folder: 'D:\Keil_v5\ARM\Arm_Compiler_5.06\Bin'
Build target 'chassis_task'
compiling VMC_calc.c...
compiling observe_task.c...
..\application\observe_task.c(61): warning:  #177-D: variable "wr"  was declared but never referenced
  	static float wr,wl=0.0f;
..\application\observe_task.c(61): warning:  #177-D: variable "wl"  was declared but never referenced
  	static float wr,wl=0.0f;
..\application\observe_task.c(62): warning:  #177-D: variable "vrb"  was declared but never referenced
  	static float vrb,vlb=0.0f;
..\application\observe_task.c(62): warning:  #177-D: variable "vlb"  was declared but never referenced
  	static float vrb,vlb=0.0f;
..\application\observe_task.c(63): warning:  #177-D: variable "aver_v"  was declared but never referenced
  	static float aver_v=0.0f;
..\application\observe_task.c: 5 warnings, 0 errors
compiling chassisL_task.c...
compiling chassisR_task.c...
linking...
Program Size: Code=71712 RO-data=3876 RW-data=1256 ZI-data=53120  
FromELF: creating hex file...
"chassis_task\chassis_task.axf" - 0 Error(s), 5 Warning(s).
Build Time Elapsed:  00:00:07
