*** Using Compiler 'V5.06 update 7 (build 960)', folder: 'F:\KEIL5----new\ARM\ARMCompiler506_b960\Bin'
Build target 'chassis_task'
assembling startup_stm32f407xx.s...
compiling gpio.c...
compiling stm32f4xx_hal_msp.c...
compiling usart.c...
compiling i2c.c...
compiling dma.c...
compiling can.c...
compiling rtc.c...
compiling tim.c...
compiling spi.c...
compiling stm32f4xx_it.c...
compiling main.c...
compiling freertos.c...
compiling bsp_can.c...
compiling system_stm32f4xx.c...
compiling bsp_delay.c...
compiling bsp_PWM.c...
compiling bsp_led.c...
compiling bsp_rc.c...
compiling bsp_buzzer.c...
compiling detect_task.c...
compiling bsp_imu_pwm.c...
compiling bsp_flash.c...
compiling bsp_dwt.c...
compiling bsp_spi.c...
compiling CAN_receive.c...
compiling ist8310driver.c...
compiling BMI088Middleware.c...
compiling remote_control.c...
compiling AHRS_middleware.c...
compiling ist8310driver_middleware.c...
compiling test_task.c...
compiling dm_8009_drv.c...
compiling BMI088driver.c...
compiling led_flow_task.c...
compiling chassisL_task.c...
compiling observe_task.c...
compiling chassis_behaviour.c...
..\application\chassis_behaviour.c(518): warning:  #177-D: function "chassis_zero_force_control"  was declared but never referenced
  static void chassis_zero_force_control(chassis_t *chassis_move_rc_to_vector)
..\application\chassis_behaviour.c: 1 warning, 0 errors
compiling chassisR_task.c...
compiling QuaternionEKF.c...
compiling kalman_filter.c...
compiling pid.c...
compiling stm32f4xx_hal_flash.c...
compiling INS_task.c...
compiling stm32f4xx_hal_rcc.c...
compiling user_lib.c...
compiling VMC_calc.c...
compiling stm32f4xx_hal_rcc_ex.c...
compiling mahony_filter.c...
compiling stm32f4xx_hal_can.c...
compiling controller.c...
compiling stm32f4xx_hal_flash_ex.c...
compiling stm32f4xx_hal_flash_ramfunc.c...
compiling stm32f4xx_hal_pwr_ex.c...
compiling stm32f4xx_hal_pwr.c...
compiling stm32f4xx_hal.c...
compiling stm32f4xx_hal_exti.c...
compiling stm32f4xx_hal_dma_ex.c...
compiling stm32f4xx_hal_gpio.c...
compiling stm32f4xx_hal_dma.c...
compiling stm32f4xx_hal_rtc_ex.c...
compiling stm32f4xx_hal_cortex.c...
compiling stm32f4xx_hal_i2c_ex.c...
compiling stm32f4xx_hal_rtc.c...
compiling stm32f4xx_hal_i2c.c...
compiling list.c...
compiling queue.c...
compiling croutine.c...
compiling timers.c...
compiling event_groups.c...
compiling stream_buffer.c...
compiling tasks.c...
compiling cmsis_os.c...
compiling heap_4.c...
compiling port.c...
compiling stm32f4xx_hal_spi.c...
compiling stm32f4xx_hal_tim_ex.c...
compiling stm32f4xx_hal_uart.c...
compiling stm32f4xx_hal_tim.c...
linking...
Program Size: Code=55596 RO-data=2984 RW-data=1044 ZI-data=47996  
FromELF: creating hex file...
"chassis_task\chassis_task.axf" - 0 Error(s), 1 Warning(s).
Build Time Elapsed:  00:00:26
